
> shadcn-big-calendar@1.1.0 build
> next build

  ▲ Next.js 14.2.35

   Creating an optimized production build ...
SyntaxError: Expected ',' or '}' after property value in JSON at position 1895 (line 71 column 7)
    at JSON.parse (<anonymous>)
    at patchIncorrectLockfile (/Users/afzalzubair/Documents/GitHub/Coding Projects/React/shadcn-ui-big-calendar/node_modules/next/dist/lib/patch-incorrect-lockfile.js:94:33)
Error: Can't resolve 'tailwindcss' in '/Users/afzalzubair/Documents/GitHub/Coding Projects/React/shadcn-ui-big-calendar/src/app'
    at finishWithoutResolve (/Users/afzalzubair/Documents/GitHub/Coding Projects/React/shadcn-ui-big-calendar/node_modules/enhanced-resolve/lib/Resolver.js:942:18)
    at /Users/afzalzubair/Documents/GitHub/Coding Projects/React/shadcn-ui-big-calendar/node_modules/enhanced-resolve/lib/Resolver.js:1034:14
    at /Users/afzalzubair/Documents/GitHub/Coding Projects/React/shadcn-ui-big-calendar/node_modules/enhanced-resolve/lib/Resolver.js:1111:5
    at eval (eval at create (/Users/afzalzubair/Documents/GitHub/Coding Projects/React/shadcn-ui-big-calendar/node_modules/next/dist/compiled/webpack/bundle5.js:13:28858), <anonymous>:15:1)
    at /Users/afzalzubair/Documents/GitHub/Coding Projects/React/shadcn-ui-big-calendar/node_modules/enhanced-resolve/lib/Resolver.js:1111:5
    at eval (eval at create (/Users/afzalzubair/Documents/GitHub/Coding Projects/React/shadcn-ui-big-calendar/node_modules/next/dist/compiled/webpack/bundle5.js:13:28858), <anonymous>:27:1)
    at /Users/afzalzubair/Documents/GitHub/Coding Projects/React/shadcn-ui-big-calendar/node_modules/enhanced-resolve/lib/DescriptionFilePlugin.js:94:43
    at /Users/afzalzubair/Documents/GitHub/Coding Projects/React/shadcn-ui-big-calendar/node_modules/enhanced-resolve/lib/Resolver.js:1111:5
    at eval (eval at create (/Users/afzalzubair/Documents/GitHub/Coding Projects/React/shadcn-ui-big-calendar/node_modules/next/dist/compiled/webpack/bundle5.js:13:28858), <anonymous>:15:1)
    at /Users/afzalzubair/Documents/GitHub/Coding Projects/React/shadcn-ui-big-calendar/node_modules/enhanced-resolve/lib/Resolver.js:1111:5 {
  details: "resolve 'tailwindcss' in '/Users/afzalzubair/Documents/GitHub/Coding Projects/React/shadcn-ui-big-calendar/src/app'\n" +
    '  Parsed request is a module\n' +
    '  using description file: /Users/afzalzubair/Documents/GitHub/Coding Projects/React/shadcn-ui-big-calendar/package.json (relative path: ./src/app)\n' +
    '    resolve as module\n' +
    "      /Users/afzalzubair/Documents/GitHub/Coding Projects/React/shadcn-ui-big-calendar/src/app/node_modules doesn't exist or is not a directory\n" +
    "      /Users/afzalzubair/Documents/GitHub/Coding Projects/React/shadcn-ui-big-calendar/src/node_modules doesn't exist or is not a directory\n" +
    '      looking for modules in /Users/afzalzubair/Documents/GitHub/Coding Projects/React/shadcn-ui-big-calendar/node_modules\n' +
    '        single file module\n' +
    '          using description file: /Users/afzalzubair/Documents/GitHub/Coding Projects/React/shadcn-ui-big-calendar/package.json (relative path: ./node_modules/tailwindcss)\n' +
    '            no extension\n' +
    '              /Users/afzalzubair/Documents/GitHub/Coding Projects/React/shadcn-ui-big-calendar/node_modules/tailwindcss is not a file\n' +
    '            .css\n' +
    "              /Users/afzalzubair/Documents/GitHub/Coding Projects/React/shadcn-ui-big-calendar/node_modules/tailwindcss.css doesn't exist\n" +
    '        existing directory /Users/afzalzubair/Documents/GitHub/Coding Projects/React/shadcn-ui-big-calendar/node_modules/tailwindcss\n' +
    '          using description file: /Users/afzalzubair/Documents/GitHub/Coding Projects/React/shadcn-ui-big-calendar/node_modules/tailwindcss/package.json (relative path: .)\n' +
    '            using description file: /Users/afzalzubair/Documents/GitHub/Coding Projects/React/shadcn-ui-big-calendar/package.json (relative path: ./node_modules/tailwindcss)\n' +
    '              no extension\n' +
    '                /Users/afzalzubair/Documents/GitHub/Coding Projects/React/shadcn-ui-big-calendar/node_modules/tailwindcss is not a file\n' +
    '              .css\n' +
    "                /Users/afzalzubair/Documents/GitHub/Coding Projects/React/shadcn-ui-big-calendar/node_modules/tailwindcss.css doesn't exist\n" +
    '              as directory\n' +
    '                existing directory /Users/afzalzubair/Documents/GitHub/Coding Projects/React/shadcn-ui-big-calendar/node_modules/tailwindcss\n' +
    '                  using description file: /Users/afzalzubair/Documents/GitHub/Coding Projects/React/shadcn-ui-big-calendar/node_modules/tailwindcss/package.json (relative path: .)\n' +
    '                    using path: /Users/afzalzubair/Documents/GitHub/Coding Projects/React/shadcn-ui-big-calendar/node_modules/tailwindcss/index\n' +
    '                      using description file: /Users/afzalzubair/Documents/GitHub/Coding Projects/React/shadcn-ui-big-calendar/node_modules/tailwindcss/package.json (relative path: ./index)\n' +
    '                        no extension\n' +
    "                          /Users/afzalzubair/Documents/GitHub/Coding Projects/React/shadcn-ui-big-calendar/node_modules/tailwindcss/index doesn't exist\n" +
    '                        .css\n' +
    "                          /Users/afzalzubair/Documents/GitHub/Coding Projects/React/shadcn-ui-big-calendar/node_modules/tailwindcss/index.css doesn't exist\n" +
    "      /Users/afzalzubair/Documents/GitHub/Coding Projects/React/node_modules doesn't exist or is not a directory\n" +
    "      /Users/afzalzubair/Documents/GitHub/Coding Projects/node_modules doesn't exist or is not a directory\n" +
    "      /Users/afzalzubair/Documents/GitHub/node_modules doesn't exist or is not a directory\n" +
    "      /Users/afzalzubair/Documents/node_modules doesn't exist or is not a directory\n" +
    "      /Users/afzalzubair/node_modules doesn't exist or is not a directory\n" +
    "      /Users/node_modules doesn't exist or is not a directory\n" +
    "      /node_modules doesn't exist or is not a directory"
}
<w> [webpack.cache.PackFileCacheStrategy] Skipped not serializable cache item 'Compilation/modules|/Users/afzalzubair/Documents/GitHub/Coding Projects/React/shadcn-ui-big-calendar/node_modules/next/dist/build/webpack/loaders/css-loader/src/index.js??ruleSet[1].rules[14].oneOf[12].use[2]!/Users/afzalzubair/Documents/GitHub/Coding Projects/React/shadcn-ui-big-calendar/node_modules/next/dist/build/webpack/loaders/postcss-loader/src/index.js??ruleSet[1].rules[14].oneOf[12].use[3]!/Users/afzalzubair/Documents/GitHub/Coding Projects/React/shadcn-ui-big-calendar/src/app/globals.css': No serializer registered for PostCSSSyntaxError
<w> while serializing webpack/lib/cache/PackFileCacheStrategy.PackContentItems -> webpack/lib/NormalModule -> webpack/lib/ModuleBuildError -> PostCSSSyntaxError
Failed to compile.

./src/app/globals.css:1:1
Syntax error: tailwindcss: /Users/afzalzubair/Documents/GitHub/Coding Projects/React/shadcn-ui-big-calendar/src/app/globals.css Can't resolve 'tailwindcss' in '/Users/afzalzubair/Documents/GitHub/Coding Projects/React/shadcn-ui-big-calendar/src/app'

> 1 | @import "tailwindcss";
    | ^
  2 | @import "tw-animate-css";
  3 | @import "shadcn/tailwind.css";

./src/app/globals.css
Syntax error: tailwindcss: /Users/afzalzubair/Documents/GitHub/Coding Projects/React/shadcn-ui-big-calendar/src/app/globals.css Can't resolve 'tailwindcss' in '/Users/afzalzubair/Documents/GitHub/Coding Projects/React/shadcn-ui-big-calendar/src/app' (1:1)

[1m[31m>[39m[22m[90m 1 | [39m[36m@import[39m [32m"tailwindcss"[39m[33m;[39m
 [90m   | [39m[1m[31m^[39m[22m
 [90m 2 | [39m[36m@import[39m [32m"tw-animate-css"[39m[33m;[39m
 [90m 3 | [39m[36m@import[39m [32m"shadcn/tailwind.css"[39m[33m;[39m

    at tryRunOrWebpackError (/Users/afzalzubair/Documents/GitHub/Coding Projects/React/shadcn-ui-big-calendar/node_modules/next/dist/compiled/webpack/bundle5.js:28:312989)
    at __webpack_require_module__ (/Users/afzalzubair/Documents/GitHub/Coding Projects/React/shadcn-ui-big-calendar/node_modules/next/dist/compiled/webpack/bundle5.js:28:131165)
    at __nested_webpack_require_153728__ (/Users/afzalzubair/Documents/GitHub/Coding Projects/React/shadcn-ui-big-calendar/node_modules/next/dist/compiled/webpack/bundle5.js:28:130607)
    at /Users/afzalzubair/Documents/GitHub/Coding Projects/React/shadcn-ui-big-calendar/node_modules/next/dist/compiled/webpack/bundle5.js:28:131454
    at symbolIterator (/Users/afzalzubair/Documents/GitHub/Coding Projects/React/shadcn-ui-big-calendar/node_modules/next/dist/compiled/neo-async/async.js:1:14444)
    at done (/Users/afzalzubair/Documents/GitHub/Coding Projects/React/shadcn-ui-big-calendar/node_modules/next/dist/compiled/neo-async/async.js:1:14824)
    at Hook.eval [as callAsync] (eval at create (/Users/afzalzubair/Documents/GitHub/Coding Projects/React/shadcn-ui-big-calendar/node_modules/next/dist/compiled/webpack/bundle5.js:13:28858), <anonymous>:15:1)
    at Hook.CALL_ASYNC_DELEGATE [as _callAsync] (/Users/afzalzubair/Documents/GitHub/Coding Projects/React/shadcn-ui-big-calendar/node_modules/next/dist/compiled/webpack/bundle5.js:13:26012)
    at /Users/afzalzubair/Documents/GitHub/Coding Projects/React/shadcn-ui-big-calendar/node_modules/next/dist/compiled/webpack/bundle5.js:28:130328
    at symbolIterator (/Users/afzalzubair/Documents/GitHub/Coding Projects/React/shadcn-ui-big-calendar/node_modules/next/dist/compiled/neo-async/async.js:1:14402)
-- inner error --
Syntax error: tailwindcss: /Users/afzalzubair/Documents/GitHub/Coding Projects/React/shadcn-ui-big-calendar/src/app/globals.css Can't resolve 'tailwindcss' in '/Users/afzalzubair/Documents/GitHub/Coding Projects/React/shadcn-ui-big-calendar/src/app' (1:1)

[1m[31m>[39m[22m[90m 1 | [39m[36m@import[39m [32m"tailwindcss"[39m[33m;[39m
 [90m   | [39m[1m[31m^[39m[22m
 [90m 2 | [39m[36m@import[39m [32m"tw-animate-css"[39m[33m;[39m
 [90m 3 | [39m[36m@import[39m [32m"shadcn/tailwind.css"[39m[33m;[39m

    at Object.<anonymous> (/Users/afzalzubair/Documents/GitHub/Coding Projects/React/shadcn-ui-big-calendar/node_modules/next/dist/build/webpack/loaders/css-loader/src/index.js??ruleSet[1].rules[14].oneOf[12].use[2]!/Users/afzalzubair/Documents/GitHub/Coding Projects/React/shadcn-ui-big-calendar/node_modules/next/dist/build/webpack/loaders/postcss-loader/src/index.js??ruleSet[1].rules[14].oneOf[12].use[3]!/Users/afzalzubair/Documents/GitHub/Coding Projects/React/shadcn-ui-big-calendar/src/app/globals.css:1:7)
    at /Users/afzalzubair/Documents/GitHub/Coding Projects/React/shadcn-ui-big-calendar/node_modules/next/dist/compiled/webpack/bundle5.js:28:922493
    at Hook.eval [as call] (eval at create (/Users/afzalzubair/Documents/GitHub/Coding Projects/React/shadcn-ui-big-calendar/node_modules/next/dist/compiled/webpack/bundle5.js:13:28636), <anonymous>:7:1)
    at Hook.CALL_DELEGATE [as _call] (/Users/afzalzubair/Documents/GitHub/Coding Projects/React/shadcn-ui-big-calendar/node_modules/next/dist/compiled/webpack/bundle5.js:13:25906)
    at /Users/afzalzubair/Documents/GitHub/Coding Projects/React/shadcn-ui-big-calendar/node_modules/next/dist/compiled/webpack/bundle5.js:28:131198
    at tryRunOrWebpackError (/Users/afzalzubair/Documents/GitHub/Coding Projects/React/shadcn-ui-big-calendar/node_modules/next/dist/compiled/webpack/bundle5.js:28:312943)
    at __webpack_require_module__ (/Users/afzalzubair/Documents/GitHub/Coding Projects/React/shadcn-ui-big-calendar/node_modules/next/dist/compiled/webpack/bundle5.js:28:131165)
    at __nested_webpack_require_153728__ (/Users/afzalzubair/Documents/GitHub/Coding Projects/React/shadcn-ui-big-calendar/node_modules/next/dist/compiled/webpack/bundle5.js:28:130607)
    at /Users/afzalzubair/Documents/GitHub/Coding Projects/React/shadcn-ui-big-calendar/node_modules/next/dist/compiled/webpack/bundle5.js:28:131454
    at symbolIterator (/Users/afzalzubair/Documents/GitHub/Coding Projects/React/shadcn-ui-big-calendar/node_modules/next/dist/compiled/neo-async/async.js:1:14444)

Generated code for /Users/afzalzubair/Documents/GitHub/Coding Projects/React/shadcn-ui-big-calendar/node_modules/next/dist/build/webpack/loaders/css-loader/src/index.js??ruleSet[1].rules[14].oneOf[12].use[2]!/Users/afzalzubair/Documents/GitHub/Coding Projects/React/shadcn-ui-big-calendar/node_modules/next/dist/build/webpack/loaders/postcss-loader/src/index.js??ruleSet[1].rules[14].oneOf[12].use[3]!/Users/afzalzubair/Documents/GitHub/Coding Projects/React/shadcn-ui-big-calendar/src/app/globals.css

Import trace for requested module:
./src/app/globals.css


> Build failed because of webpack errors
